core_cm4.h:2064:26:ITM_SendChar	16	static,ignoring_inline_asm
main.c:114:5:main	144	static
main.c:229:6:SystemClock_Config	88	static
main.c:279:13:MX_ADC1_Init	24	static
main.c:329:13:MX_USART2_UART_Init	8	static
main.c:362:13:MX_GPIO_Init	48	static
main.c:392:5:_write	32	static
main.c:403:6:uart_send	24	static
main.c:410:6:TaskUARTProcessInit	16	static
main.c:418:6:TaskDisplayInit	32	static
main.c:501:6:HAL_ADC_ConvCpltCallback	24	static
main.c:526:6:StartDefaultTask	16	static
main.c:544:6:Task2Init	16	static
main.c:564:6:HAL_TIM_PeriodElapsedCallback	16	static
main.c:581:6:Error_Handler	4	static
