main.c:114:5:main	144	static
main.c:224:6:SystemClock_Config	88	static
main.c:269:13:MX_ADC1_Init	24	static
main.c:319:13:MX_USART2_UART_Init	8	static
main.c:352:13:MX_GPIO_Init	48	static
main.c:382:6:uart_send	24	static
main.c:389:6:TaskUARTProcessInit	16	static
main.c:397:6:TaskDisplayInit	32	static
main.c:476:6:HAL_ADC_ConvCpltCallback	24	static
main.c:499:6:StartDefaultTask	16	static
main.c:517:6:Task2Init	16	static
main.c:537:6:HAL_TIM_PeriodElapsedCallback	16	static
main.c:554:6:Error_Handler	4	static
